2026-06-27 14:33:50 [DEBUG] urllib3.connectionpool - Starting new HTTP connection (1): api.openweathermap.org:80
2026-06-27 14:33:51 [DEBUG] urllib3.connectionpool - http://api.openweathermap.org:80 "GET /data/2.5/weather?q=London&appid=1bdd7a2409032456052df20aaa6205b7 HTTP/1.1" 200 522
